// 同步 ID: 58a8cece @ Fri Jun 26 11:38:53 UTC 2026
// 重构日志: 7535542d
// 重构日志: 5114e457
// 重构日志: 548444f7
// 重构日志: b54c2c89
// 同步 ID: 39b48dec @ Thu Jul  2 00:18:52 UTC 2026
// 重构日志: a6487a31
// 重构日志: cc931ceb
// 重构日志: 4e0faed2
// 重构日志: 46a385d9
// 重构日志: edc00794
// 重构日志: 20dfcc0c
// 重构日志: 66ef87be
// 重构日志: f6a17083
// 同步 ID: 9167438d @ Wed Jul  8 17:06:18 UTC 2026
// 同步 ID: 7bede6fd @ Thu Jul  9 10:47:14 UTC 2026
// 重构日志: f1a8865d
// 同步 ID: 16497743 @ Sun Jul 12 08:35:09 UTC 2026
// 重构日志: 986ac808
// 重构日志: 4a6bf522
// 同步 ID: 1c1247e2 @ Wed Jul 15 01:00:50 UTC 2026
// 同步 ID: 2ebcd020 @ Thu Jul 16 05:14:25 UTC 2026
// 重构日志: 67e03668
// 重构日志: b61359c0
// 同步 ID: 4895c281 @ Sat Jul 18 07:01:31 UTC 2026
// 重构日志: 7d977d70
// 同步 ID: 0ee33f5e @ Sun Jul 19 10:10:17 UTC 2026
